https://medium.com/egghunter/wakanda-1-vulnhub-walkthrough-3d524ed8a372
https://www.peerlyst.com/posts/how-to-break-into-wakanda-machine-writeup-spirited-wolf
https://latesthackingnews.com/2018/08/21/wakanda-1-vulnhub-ctf-challenge-walkthrough/
https://www.youtube.com/watch?v=O7vaV8YjuWY
https://www.youtube.com/watch?v=uEK75alSz-8
https://www.youtube.com/watch?v=iiimeROlNzQ
https://lops3g.wordpress.com/2018/11/07/wakanda-walk-through-vulnhub/
https://www.hackingarticles.in/hack-the-wakanda-1-ctf-challenge/
https://outsideavenger.blogspot.com/2018/08/wakanda-1-vulnhub-ctf-challenge.html
https://www.youtube.com/watch?v=LQGDbIJwYh8
https://www.rootnetsec.com/vulnhub-wakanda/
https://resources.infosecinstitute.com/topic/wakanda1-ctf-walkthrough/
https://www.icekam.com/post/wakanda-1-vulnhub-ctf-drone-exercise-record/
https://medium.com/@sigkilla9/wakanda-1-part-1-of-3-fa2978261c23
https://hackso.me/wakanda-1-walkthrough/
https://suleymanergen.com/ctf/vulnhub/wakanda-1
https://zarsec.co.uk/2018/08/28/wakanda1-vulnhub-com-writeup/
https://medium.com/@sigkilla9/wakanda-1-part-2-of-3-f9fe63abec6e
https://medium.com/@sigkilla9/wakanda-1-vulnhub-part-3-of-3-92e77386d7fc
